Invalid coordinate
Invalid coordinate
Invalid coordinate
Invalid coordinate
Invalid coordinate
Invalid coordinate
Invalid coordinate
Invalid coordinate
Invalid coordinate
Invalid coordinate
Invalid coordinate
Invalid coordinate
B
