H8I7K11G7
B
B
E1,....o#....#.#...............xxxxxxxxxxxxxxxxxxxxx
Black wins!
H8I7K11G7J7H6J8G6J6J9I5F6I6G5G4G8G9K8J5J4L5F4E3K5G3H4F3D6H5
Thank you for playing!
