B
J10,.................................................
P18,xxxxxxxxxxxxxx...................................
J10J11K10K11
Occupied coordinate
B
A11,xxx....xxx....xxx....xxx....xxx....xxx....xxx....
S18,xxxxxxxxxxxxxx....xxx....xxx....xxx....xxx....xxx
W
J10J11K10K11K12L14L13I12I10J9M3
O1,........#...................xxxxxxxxxxxxxxxxxxxxx
White wins!
J10J11K10K11K12L14L13I12I10J9M3A1
Thank you for playing!
