J10,.................................................
C18,xxxxxxxxxxxxxxx......x......x......x......x......
B18,xxxxxxxxxxxxxxxx.....xx..o..xx.....xx.....xx.....
M3,..........................................xxxxxxx
L17,xxxxxxx..........................................
B1,xx.....xx.....xx.o...xx#....xxxxxxxxxxxxxxxxxxxxx
B17,xxxxxxxxx.....xx..o..xx.....xx.....xx.....xx.....
C9,x......x......x......x......x......x......x..#...
O1,........o...................xxxxxxxxxxxxxxxxxxxxx
L12,.............................#......#............
E16,........o........................................
E18,xxxxxxxxxxxxxx........o..........................
G15,.................................................
A8,xxx....xxx....xxx....xxx....xxx....xxx..#.xxx....
