
A1B2
A1B2C2
Occupied coordinate
Invalid coordinate
A1B2C2S19S18S11
Invalid coordinate
A1B2C2S19S18S11
A1B2C2S19S18S11A2
Black wins!
A1B2C2S19S18S11A2
Thank you for playing!
