B
Black wins!
A5A1B4A2C3A3D2A4E1
Thank you for playing!
