White wins!
J1A1A2B2A3C3A4D4A5E5
Thank you for playing!
