White wins!
A1B1J5B2A2B3A3B4A4B5
Thank you for playing!
