J10,.................................................
G15,.................................................
E15,..........................o......................
