place A1
place B1
place A2
place B2
place A3
place B3
place C1
place D1
place C2
place D2
place C3
place D3
place E1
place F1
place E2
place F2
place E3
place F3
place G1
place H1
place G2
place H2
place G3
place H3
place I1
place J1
place I2
place J2
place I3
place J3
place K1
place L1
place K2
place L2
place K3
place L3
place M1
place N1
place M2
place N2
place M3
place N3
place O1
place P1
place O2
place P2
place O3
place P3
place Q1
place R1
place Q2
place R2
place Q3
place R3
place S1
place A4
place S2
place A5
place S3
place A6
place B4
place C4
place B5
place C5
place B6
place C6
place D4
place E4
place D5
place E5
place D6
place E6
place F4
place G4
place F5
place G5
place F6
place G6
place H4
place I4
place H5
place I5
place H6
place I6
place J4
place K4
place J5
place K5
place J6
place K6
place L4
place M4
place L5
place M5
place L6
place M6
place N4
place O4
place N5
place O5
place N6
place O6
place P4
place Q4
place P5
place Q5
place P6
place Q6
place R4
place S4
place R5
place S5
place R6
place S6
place A7
place B7
place A8
place B8
place A9
place B9
place C7
place D7
place C8
place D8
place C9
place D9
place E7
place F7
place E8
place F8
place E9
place F9
place G7
place H7
place G8
place H8
place G9
place H9
place I7
place J7
place I8
place J8
place I9
place J9
place K7
place L7
place K8
place L8
place K9
place L9
place M7
place N7
place M8
place N8
place M9
place N9
place O7
place P7
place O8
place P8
place O9
place P9
place Q7
place R7
place Q8
place R8
place Q9
place R9
place S7
place A10
place S8
place A11
place S9
place A12
place B10
place C10
place B11
place C11
place B12
place C12
place D10
place E10
place D11
place E11
place D12
place E12
place F10
place G10
place F11
place G11
place F12
place G12
place H10
place I10
place H11
place I11
place H12
place I12
place J10
place K10
place J11
place K11
place J12
place K12
place L10
place M10
place L11
place M11
place L12
place M12
place N10
place O10
place N11
place O11
place N12
place O12
place P10
place Q10
place P11
place Q11
place P12
place Q12
place R10
place S10
place R11
place S11
place R12
place S12
place A13
place B13
place A14
place B14
place A15
place B15
place C13
place D13
place C14
place D14
place C15
place D15
place E13
place F13
place E14
place F14
place E15
place F15
place G13
place H13
place G14
place H14
place G15
place H15
place I13
place J13
place I14
place J14
place I15
place J15
place K13
place L13
place K14
place L14
place K15
place L15
place M13
place N13
place M14
place N14
place M15
place N15
place O13
place P13
place O14
place P14
place O15
place P15
place Q13
place R13
place Q14
place R14
place Q15
place R15
place S13
place A16
place S14
place A17
place S15
place A18
place B16
place C16
place B17
place C17
place B18
place C18
place D16
place E16
place D17
place E17
place D18
place E18
place F16
place G16
place F17
place G17
place F18
place G18
place H16
place I16
place H17
place I17
place H18
place I18
place J16
place K16
place J17
place K17
place J18
place K18
place L16
place M16
place L17
place M17
place L18
place M18
place N16
place O16
place N17
place O17
place N18
place O18
place P16
place Q16
place P17
place Q17
place P18
place Q18
place R16
place S16
place R17
place S17
place R18
place S18
place A19
place B19
place C19
place D19
place E19
place F19
place G19
place H19
place I19
place J19
place K19
place L19
place M19
place N19
place O19
place P19
place Q19
place R19
place S19
Wow, a tie!
A1B1A2B2A3B3C1D1C2D2C3D3E1F1E2F2E3F3G1H1G2H2G3H3I1J1I2J2I3J3K1L1K2L2K3L3M1N1M2N2M3N3O1P1O2P2O3P3Q1R1Q2R2Q3R3S1A4S2A5S3A6B4C4B5C5B6C6D4E4D5E5D6E6F4G4F5G5F6G6H4I4H5I5H6I6J4K4J5K5J6K6L4M4L5M5L6M6N4O4N5O5N6O6P4Q4P5Q5P6Q6R4S4R5S5R6S6A7B7A8B8A9B9C7D7C8D8C9D9E7F7E8F8E9F9G7H7G8H8G9H9I7J7I8J8I9J9K7L7K8L8K9L9M7N7M8N8M9N9O7P7O8P8O9P9Q7R7Q8R8Q9R9S7A10S8A11S9A12B10C10B11C11B12C12D10E10D11E11D12E12F10G10F11G11F12G12H10I10H11I11H12I12J10K10J11K11J12K12L10M10L11M11L12M12N10O10N11O11N12O12P10Q10P11Q11P12Q12R10S10R11S11R12S12A13B13A14B14A15B15C13D13C14D14C15D15E13F13E14F14E15F15G13H13G14H14G15H15I13J13I14J14I15J15K13L13K14L14K15L15M13N13M14N14M15N15O13P13O14P14O15P15Q13R13Q14R14Q15R15S13A16S14A17S15A18B16C16B17C17B18C18D16E16D17E17D18E18F16G16F17G17F18G18H16I16H17I17H18I18J16K16J17K17J18K18L16M16L17M17L18M18N16O16N17O17N18O18P16Q16P17Q17P18Q18R16S16R17S17R18S18A19B19C19D19E19F19G19H19I19J19K19L19M19N19O19P19Q19R19S19
Thank you for playing!