Wow, a tie!
A1A2A3A4A5A6A7A8A9A10A11A12A13A14A15A16A17A18A19B1B2B3B4B5B6B7B8B9B10B11B12B13B14B15B16B17B18B19C1C2C3C4C5C6C7C8C9C10C11C12C13C14C15C16C17C18C19D1D2D3D4D5D6D7D8D9D10D11D12D13D14D15D16D17D18D19E2E1E4E3E6E5E8E7E10E9E12E11E14E13E16E15E18E17F1E19F2F3F4F5F6F7F8F9F10F11F12F13F14F15F16F17F18F19G1G2G3G4G5G6G7G8G9G10G11G12G13G14G15G16G17G18G19H1H2H3H4H5H6H7H8H9H10H11H12H13H14H15H16H17H18H19I2I1I4I3I6I5I8I7I10I9I12I11I14I13I16I15I18I17I19J2J1J4J3J6J5J8J7J10J9J12J11J14J13J16J15J18J17J19K1K2K3K4K5K6K7K8K9K10K11K12K13K14K15K16K17K18K19L1L2L3L4L5L6L7L8L9L10L11L12L13L14L15L16L17L18L19M1M2M3M4M5M6M7M8M9M10M11M12M13M14M16M15M18M17N1M19N2N3N4N5N6N7N8N9N10N11N12N13N14N15N16N17N18N19O2O1O4O3O6O5O8O7O10O9O12O11O14O13O16O15O18O17P1O19P2P3P4P5P6P7P8P9P10P11P12P13P14P16P15P18P17Q1P19Q2Q3Q4Q5Q6Q7Q8Q9Q10Q11Q12Q13Q14Q15Q16Q17Q18Q19R2R1R4R3R6R5R8R7R10R9R12R11R14R13R16R15R18R17R19S1S2S3S4S5S6S7S8S9S10S11S12S13S14S15S16S17S18S19
Thank you for playing!
